[templates.g5plus.net/glowing-bootstrap-5/home-16.html]
[backblue.gif]
[fade.gif]
[index.html]
[templates.g5plus.net/glowing-bootstrap-5/assets/images/others/favicon.ico]
[templates.g5plus.net/glowing-bootstrap-5/assets/vendors/lightgallery/css/lightgallery-bundle.min.css]
[templates.g5plus.net/glowing-bootstrap-5/assets/vendors/fontawesome/css/all.min.css]
[templates.g5plus.net/glowing-bootstrap-5/assets/vendors/animate/animate.min.css]
[templates.g5plus.net/glowing-bootstrap-5/assets/vendors/slick/slick.css]
[templates.g5plus.net/glowing-bootstrap-5/assets/vendors/mapbox-gl/mapbox-gl.min.css]
[cdn.jsdelivr.net/npm/bootstrap-icons@1.9.1/font/bootstrap-icons.css]
[templates.g5plus.net/glowing-bootstrap-5/assets/vendors/fonts/a-antara-distance/stylesheet.min.css]
[templates.g5plus.net/glowing-bootstrap-5/assets/css/theme-violet.css]
[templates.g5plus.net/assets/images/header/flag.jpg]
[templates.g5plus.net/glowing-bootstrap-5/assets/images/others/logo.png]
[templates.g5plus.net/glowing-bootstrap-5/assets/images/others/logo-white.png]
[templates.g5plus.net/glowing-bootstrap-5/index.html]
[templates.g5plus.net/glowing-bootstrap-5/index-2.html]
[templates.g5plus.net/glowing-bootstrap-5/home-01.html]
[templates.g5plus.net/glowing-bootstrap-5/home-02.html]
[templates.g5plus.net/glowing-bootstrap-5/home-03.html]
[templates.g5plus.net/glowing-bootstrap-5/home-04.html]
[templates.g5plus.net/glowing-bootstrap-5/home-05.html]
[templates.g5plus.net/glowing-bootstrap-5/home-06.html]
[templates.g5plus.net/glowing-bootstrap-5/home-07.html]
[templates.g5plus.net/glowing-bootstrap-5/home-08.html]
[templates.g5plus.net/glowing-bootstrap-5/home-09.html]
[templates.g5plus.net/glowing-bootstrap-5/home-10.html]
[templates.g5plus.net/glowing-bootstrap-5/home-11.html]
[templates.g5plus.net/glowing-bootstrap-5/home-12.html]
[templates.g5plus.net/glowing-bootstrap-5/home-14.html]
[templates.g5plus.net/glowing-bootstrap-5/home-13.html]
[templates.g5plus.net/glowing-bootstrap-5/home-15.html]
[templates.g5plus.net/glowing-bootstrap-5/home-17.html]
[templates.g5plus.net/glowing-bootstrap-5/home-18.html]
[templates.g5plus.net/glowing-bootstrap-5/store.html]
[templates.g5plus.net/glowing-bootstrap-5/shop/shop-layout-v1.html]
[templates.g5plus.net/glowing-bootstrap-5/shop/shop-layout-v2.html]
[templates.g5plus.net/glowing-bootstrap-5/shop/shop-layout-v3.html]
[templates.g5plus.net/glowing-bootstrap-5/shop/shop-layout-v4.html]
[templates.g5plus.net/glowing-bootstrap-5/shop/shop-layout-v5.html]
[templates.g5plus.net/glowing-bootstrap-5/shop/product-details-v2.html]
[templates.g5plus.net/glowing-bootstrap-5/shop/product-details-v3.html]
[templates.g5plus.net/glowing-bootstrap-5/shop/product-details-v4.html]
[templates.g5plus.net/glowing-bootstrap-5/shop/product-details-v6.html]
[templates.g5plus.net/glowing-bootstrap-5/shop/product-details-v1.html]
[templates.g5plus.net/glowing-bootstrap-5/shop/product-details-v5.html]
[templates.g5plus.net/glowing-bootstrap-5/shop/product-details-v7.html]
[templates.g5plus.net/glowing-bootstrap-5/shop/product-details-v8.html]
[templates.g5plus.net/glowing-bootstrap-5/shop/product-simple.html]
[templates.g5plus.net/glowing-bootstrap-5/shop/product-time-limit.html]
[templates.g5plus.net/glowing-bootstrap-5/shop/product-variable.html]
[templates.g5plus.net/glowing-bootstrap-5/shop/product-grouped.html]
[templates.g5plus.net/glowing-bootstrap-5/shop/shopping-cart.html]
[templates.g5plus.net/glowing-bootstrap-5/shop/wishlist.html]
[templates.g5plus.net/glowing-bootstrap-5/shop/compare.html]
[templates.g5plus.net/glowing-bootstrap-5/shop/checkout.html]
[templates.g5plus.net/glowing-bootstrap-5/user-registration.html]
[templates.g5plus.net/glowing-bootstrap-5/user-login.html]
[templates.g5plus.net/glowing-bootstrap-5/assets/images/background/bg-mega-menu-shop.jpg]
[templates.g5plus.net/glowing-bootstrap-5/blog/grid.html]
[templates.g5plus.net/glowing-bootstrap-5/blog/grid-sidebar.html]
[templates.g5plus.net/glowing-bootstrap-5/blog/masonry.html]
[templates.g5plus.net/glowing-bootstrap-5/blog/list.html]
[templates.g5plus.net/glowing-bootstrap-5/blog/classic.html]
[templates.g5plus.net/glowing-bootstrap-5/blog/details-01.html]
[templates.g5plus.net/glowing-bootstrap-5/blog/details-02.html]
[templates.g5plus.net/glowing-bootstrap-5/about-us-02.html]
[templates.g5plus.net/glowing-bootstrap-5/about-us-01.html]
[templates.g5plus.net/glowing-bootstrap-5/contact-us-01.html]
[templates.g5plus.net/glowing-bootstrap-5/contact-us-02.html]
[templates.g5plus.net/glowing-bootstrap-5/dashboard/dashboard.html]
[templates.g5plus.net/glowing-bootstrap-5/dashboard/product-grid.html]
[templates.g5plus.net/glowing-bootstrap-5/dashboard/order-list.html]
[templates.g5plus.net/glowing-bootstrap-5/dashboard/sellers-cards.html]
[templates.g5plus.net/glowing-bootstrap-5/dashboard/add-product-1.html]
[templates.g5plus.net/glowing-bootstrap-5/dashboard/transactions-1.html]
[templates.g5plus.net/glowing-bootstrap-5/dashboard/reviews.html]
[templates.g5plus.net/glowing-bootstrap-5/dashboard/brands.html]
[templates.g5plus.net/glowing-bootstrap-5/dashboard/profile-settings.html]
[templates.g5plus.net/glowing-bootstrap-5/faqs.html]
[templates.g5plus.net/glowing-bootstrap-5/find-a-store.html]
[templates.g5plus.net/glowing-bootstrap-5/404.html]
[templates.g5plus.net/glowing-bootstrap-5/blocks/blog.html]
[templates.g5plus.net/glowing-bootstrap-5/blocks/banner.html]
[templates.g5plus.net/glowing-bootstrap-5/blocks/call-to-action.html]
[templates.g5plus.net/glowing-bootstrap-5/blocks/hero.html]
[templates.g5plus.net/glowing-bootstrap-5/blocks/products.html]
[templates.g5plus.net/glowing-bootstrap-5/blocks/products-slide.html]
[templates.g5plus.net/glowing-bootstrap-5/blocks/product-tabs.html]
[templates.g5plus.net/glowing-bootstrap-5/blocks/news-letter.html]
[templates.g5plus.net/glowing-bootstrap-5/blocks/features.html]
[templates.g5plus.net/glowing-bootstrap-5/blocks/instagram.html]
[templates.g5plus.net/glowing-bootstrap-5/blocks/info.html]
[templates.g5plus.net/glowing-bootstrap-5/blocks/video.html]
[templates.g5plus.net/glowing-bootstrap-5/blocks/team.html]
[templates.g5plus.net/glowing-bootstrap-5/blocks/testimonials.html]
[templates.g5plus.net/glowing-bootstrap-5/blocks/header.html]
[templates.g5plus.net/glowing-bootstrap-5/blocks/footer.html]
[templates.g5plus.net/glowing-bootstrap-5/docs/components/accordion.html]
[templates.g5plus.net/glowing-bootstrap-5/docs/usage/getting-started.html]
[templates.g5plus.net/glowing-bootstrap-5/docs/usage/changelog.html]
[templates.g5plus.net/glowing-bootstrap-5/assets/images/hero-slider/hero-slider-39.jpg]
[templates.g5plus.net/glowing-bootstrap-5/assets/images/hero-slider/hero-slider-40.jpg]
[templates.g5plus.net/glowing-bootstrap-5/assets/images/hero-slider/hero-slider-white-40.jpg]
[templates.g5plus.net/glowing-bootstrap-5/assets/images/hero-slider/hero-slider-41.jpg]
[templates.g5plus.net/glowing-bootstrap-5/assets/images/hero-slider/hero-slider-white-41.jpg]
[templates.g5plus.net/glowing-bootstrap-5/assets/images/banner/banner-48.jpg]
[cdnjs.cloudflare.com/ajax/libs/jquery/3.6.0/jquery.min.js]
[templates.g5plus.net/glowing-bootstrap-5/assets/vendors/bootstrap/js/bootstrap.bundle.js]
[templates.g5plus.net/glowing-bootstrap-5/assets/vendors/clipboard/clipboard.min.js]
[templates.g5plus.net/glowing-bootstrap-5/assets/vendors/vanilla-lazyload/lazyload.min.js]
[templates.g5plus.net/glowing-bootstrap-5/assets/vendors/waypoints/jquery.waypoints.min.js]
[templates.g5plus.net/glowing-bootstrap-5/assets/vendors/lightgallery/lightgallery.min.js]
[templates.g5plus.net/glowing-bootstrap-5/assets/vendors/lightgallery/plugins/zoom/lg-zoom.min.js]
[templates.g5plus.net/glowing-bootstrap-5/assets/vendors/lightgallery/plugins/thumbnail/lg-thumbnail.min.js]
[templates.g5plus.net/glowing-bootstrap-5/assets/vendors/lightgallery/plugins/video/lg-video.min.js]
[templates.g5plus.net/glowing-bootstrap-5/assets/vendors/lightgallery/plugins/vimeoThumbnail/lg-vimeo-thumbnail.min.js]
[templates.g5plus.net/glowing-bootstrap-5/assets/vendors/isotope/isotope.pkgd.min.js]
[templates.g5plus.net/glowing-bootstrap-5/assets/vendors/slick/slick.min.js]
[templates.g5plus.net/glowing-bootstrap-5/assets/vendors/gsap/gsap.min.js]
[templates.g5plus.net/glowing-bootstrap-5/assets/vendors/gsap/ScrollToPlugin.min.js]
[templates.g5plus.net/glowing-bootstrap-5/assets/vendors/gsap/ScrollTrigger.min.js]
[templates.g5plus.net/glowing-bootstrap-5/assets/js/theme.min.js]
[templates.g5plus.net/glowing-bootstrap-5/assets/vendors/mapbox-gl/mapbox-gl.js]
[templates.g5plus.net/glowing-bootstrap-5/assets/images/products/product-03-75x100.jpg]
[templates.g5plus.net/glowing-bootstrap-5/assets/images/products/product-06-75x100.jpg]
[templates.g5plus.net/glowing-bootstrap-5/assets/images/products/product-09-75x100.jpg]
[templates.g5plus.net/glowing-bootstrap-5/assets/images/shop/product-gallery-05.jpg]
[templates.g5plus.net/glowing-bootstrap-5/assets/images/shop/product-gallery-06.jpg]
[templates.g5plus.net/glowing-bootstrap-5/assets/images/shop/product-gallery-07.jpg]
[templates.g5plus.net/glowing-bootstrap-5/assets/images/shop/product-gallery-08.jpg]
[templates.g5plus.net/glowing-bootstrap-5/assets/images/shop/product-info-2.png]
[templates.g5plus.net/glowing-bootstrap-5/home-16.html]
[templates.g5plus.net/glowing-bootstrap-5/assets/vendors/lightgallery/fonts/lgb687.woff2]
[templates.g5plus.net/glowing-bootstrap-5/assets/vendors/lightgallery/fonts/lgb687.ttf]
[templates.g5plus.net/glowing-bootstrap-5/assets/vendors/lightgallery/fonts/lgb687.woff]
[templates.g5plus.net/glowing-bootstrap-5/assets/vendors/lightgallery/fonts/lgb687.svg]
[templates.g5plus.net/glowing-bootstrap-5/assets/vendors/lightgallery/images/loading.gif]
[templates.g5plus.net/glowing-bootstrap-5/assets/vendors/lightgallery/css/lightgallery-bundle.min.css]
[templates.g5plus.net/glowing-bootstrap-5/assets/vendors/fontawesome/webfonts/fa-brands-400.woff2]
[templates.g5plus.net/glowing-bootstrap-5/assets/vendors/fontawesome/webfonts/fa-brands-400.ttf]
[templates.g5plus.net/glowing-bootstrap-5/assets/vendors/fontawesome/webfonts/fa-regular-400.woff2]
[templates.g5plus.net/glowing-bootstrap-5/assets/vendors/fontawesome/webfonts/fa-regular-400.ttf]
[templates.g5plus.net/glowing-bootstrap-5/assets/vendors/fontawesome/webfonts/fa-solid-900.woff2]
[templates.g5plus.net/glowing-bootstrap-5/assets/vendors/fontawesome/webfonts/fa-solid-900.ttf]
[templates.g5plus.net/glowing-bootstrap-5/assets/vendors/fontawesome/webfonts/fa-v4compatibility.woff2]
[templates.g5plus.net/glowing-bootstrap-5/assets/vendors/fontawesome/webfonts/fa-v4compatibility.ttf]
[templates.g5plus.net/glowing-bootstrap-5/assets/vendors/fontawesome/css/all.min.css]
[templates.g5plus.net/glowing-bootstrap-5/assets/vendors/animate/animate.min.css]
[templates.g5plus.net/glowing-bootstrap-5/assets/vendors/slick/slick.css]
[templates.g5plus.net/glowing-bootstrap-5/assets/vendors/mapbox-gl/mapbox-gl.min.css]
[cdn.jsdelivr.net/npm/bootstrap-icons@1.9.1/font/fonts/bootstrap-iconsd862.woff2]
[cdn.jsdelivr.net/npm/bootstrap-icons@1.9.1/font/fonts/bootstrap-iconsd862.woff]
[cdn.jsdelivr.net/npm/bootstrap-icons@1.9.1/font/bootstrap-icons.css]
[templates.g5plus.net/glowing-bootstrap-5/assets/vendors/fonts/a-antara-distance/aAntaraDistance.woff2]
[templates.g5plus.net/glowing-bootstrap-5/assets/vendors/fonts/a-antara-distance/stylesheet.min.css]
[templates.g5plus.net/glowing-bootstrap-5/assets/vendors/fonts/a-antara-distance/aAntaraDistance.woff]
[templates.g5plus.net/glowing-bootstrap-5/assets/images/background/bg-landing-home-02.png]
[templates.g5plus.net/glowing-bootstrap-5/assets/css/theme-violet.css]
[templates.g5plus.net/assets/images/header/flag.html]
[templates.g5plus.net/glowing-bootstrap-5/index.html]
[templates.g5plus.net/glowing-bootstrap-5/index-2.html]
[templates.g5plus.net/glowing-bootstrap-5/landing-page.html]
[templates.g5plus.net/glowing-bootstrap-5/assets/css/theme.css]
[templates.g5plus.net/glowing-bootstrap-5/assets/images/hero-slider/hero-slider-01.jpg]
[templates.g5plus.net/glowing-bootstrap-5/assets/images/hero-slider/hero-slider-white-01.jpg]
[templates.g5plus.net/glowing-bootstrap-5/assets/images/hero-slider/hero-slider-02.jpg]
[templates.g5plus.net/glowing-bootstrap-5/assets/images/hero-slider/hero-slider-white-02.jpg]
[templates.g5plus.net/glowing-bootstrap-5/assets/images/hero-slider/hero-slider-03.jpg]
[templates.g5plus.net/glowing-bootstrap-5/assets/images/hero-slider/hero-slider-white-03.jpg]
[templates.g5plus.net/glowing-bootstrap-5/assets/images/instagram/instagram-01.jpg]
[templates.g5plus.net/glowing-bootstrap-5/assets/images/instagram/instagram-02.jpg]
[templates.g5plus.net/glowing-bootstrap-5/assets/images/instagram/instagram-03.jpg]
[templates.g5plus.net/glowing-bootstrap-5/assets/images/instagram/instagram-04.jpg]
[templates.g5plus.net/glowing-bootstrap-5/assets/images/instagram/instagram-05.jpg]
[templates.g5plus.net/glowing-bootstrap-5/assets/images/instagram/instagram-06.jpg]
[templates.g5plus.net/glowing-bootstrap-5/home-01.html]
[templates.g5plus.net/glowing-bootstrap-5/assets/images/hero-slider/hero-slider-04.jpg]
[templates.g5plus.net/glowing-bootstrap-5/assets/images/hero-slider/hero-slider-05.jpg]
[templates.g5plus.net/glowing-bootstrap-5/assets/images/hero-slider/hero-slider-06.jpg]
[templates.g5plus.net/glowing-bootstrap-5/home-02.html]
[templates.g5plus.net/glowing-bootstrap-5/assets/images/others/flag-02.jpg]
[templates.g5plus.net/glowing-bootstrap-5/shop-page-04.html]
[templates.g5plus.net/glowing-bootstrap-5/assets/images/others/video-01.jpg]
[templates.g5plus.net/glowing-bootstrap-5/assets/images/others/video-white-01.jpg]
[templates.g5plus.net/glowing-bootstrap-5/home-03.html]
[templates.g5plus.net/glowing-bootstrap-5/assets/images/hero-slider/hero-slider-white-02-2.jpg]
[templates.g5plus.net/glowing-bootstrap-5/assets/images/hero-slider/hero-slider-08.jpg]
[templates.g5plus.net/glowing-bootstrap-5/assets/images/hero-slider/hero-slider-white-08.jpg]
[templates.g5plus.net/glowing-bootstrap-5/assets/images/hero-slider/hero-slider-09.jpg]
[templates.g5plus.net/glowing-bootstrap-5/assets/images/hero-slider/hero-slider-white-09.jpg]
[templates.g5plus.net/glowing-bootstrap-5/home-04.html]
[templates.g5plus.net/glowing-bootstrap-5/assets/images/hero-slider/hero-slider-10.jpg]
[templates.g5plus.net/glowing-bootstrap-5/assets/images/hero-slider/hero-slider-white-10.jpg]
[templates.g5plus.net/glowing-bootstrap-5/assets/images/hero-slider/hero-slider-11.jpg]
[templates.g5plus.net/glowing-bootstrap-5/assets/images/hero-slider/hero-slider-white-11.jpg]
[templates.g5plus.net/glowing-bootstrap-5/assets/images/hero-slider/hero-slider-12.jpg]
[templates.g5plus.net/glowing-bootstrap-5/assets/images/hero-slider/hero-slider-white-12.jpg]
[templates.g5plus.net/glowing-bootstrap-5/home-05.html]
[templates.g5plus.net/glowing-bootstrap-5/home-06.html]
[templates.g5plus.net/glowing-bootstrap-5/assets/images/hero-slider/hero-slider-15.jpg]
[templates.g5plus.net/glowing-bootstrap-5/assets/images/hero-slider/hero-slider-white-15.jpg]
[templates.g5plus.net/glowing-bootstrap-5/assets/images/hero-slider/hero-slider-16.jpg]
[templates.g5plus.net/glowing-bootstrap-5/assets/images/hero-slider/hero-slider-white-16.jpg]
[templates.g5plus.net/glowing-bootstrap-5/assets/images/hero-slider/hero-slider-17.jpg]
[templates.g5plus.net/glowing-bootstrap-5/assets/images/hero-slider/hero-slider-white-17.jpg]
[templates.g5plus.net/glowing-bootstrap-5/assets/images/others/video-bg.jpg]
[templates.g5plus.net/glowing-bootstrap-5/assets/images/background/bg-footer-01.jpg]
[templates.g5plus.net/glowing-bootstrap-5/home-07.html]
[templates.g5plus.net/glowing-bootstrap-5/assets/images/others/news-letter-background.jpg]
[templates.g5plus.net/glowing-bootstrap-5/assets/images/others/news-letter-background-white-02.jpg]
[templates.g5plus.net/glowing-bootstrap-5/home-08.html]
[templates.g5plus.net/glowing-bootstrap-5/assets/vendors/fonts/tuesday-night/stylesheet.min.css]
[templates.g5plus.net/glowing-bootstrap-5/assets/css/theme-home-09.css]
[templates.g5plus.net/glowing-bootstrap-5/assets/images/hero-slider/hero-slider-18.jpg]
[templates.g5plus.net/glowing-bootstrap-5/assets/images/hero-slider/hero-slider-white-18.jpg]
[templates.g5plus.net/glowing-bootstrap-5/assets/images/hero-slider/hero-slider-19.jpg]
[templates.g5plus.net/glowing-bootstrap-5/assets/images/hero-slider/hero-slider-white-19.jpg]
[templates.g5plus.net/glowing-bootstrap-5/assets/images/hero-slider/hero-slider-20.jpg]
[templates.g5plus.net/glowing-bootstrap-5/assets/images/hero-slider/hero-slider-white-20.jpg]
[templates.g5plus.net/glowing-bootstrap-5/home-09.html]
[templates.g5plus.net/glowing-bootstrap-5/assets/images/hero-slider/hero-slider-21.jpg]
[templates.g5plus.net/glowing-bootstrap-5/assets/images/hero-slider/hero-slider-22.jpg]
[templates.g5plus.net/glowing-bootstrap-5/assets/images/hero-slider/hero-slider-24.jpg]
[templates.g5plus.net/glowing-bootstrap-5/assets/images/hero-slider/hero-slider-25.jpg]
[templates.g5plus.net/glowing-bootstrap-5/home-10.html]
[templates.g5plus.net/glowing-bootstrap-5/assets/vendors/fonts/butler/stylesheet.min.css]
[templates.g5plus.net/glowing-bootstrap-5/assets/css/theme-orange.css]
[templates.g5plus.net/glowing-bootstrap-5/assets/images/others/logo-black-02.png]
[templates.g5plus.net/glowing-bootstrap-5/assets/images/others/logo-white-02.png]
[templates.g5plus.net/glowing-bootstrap-5/assets/images/hero-slider/hero-slider-26.jpg]
[templates.g5plus.net/glowing-bootstrap-5/assets/images/hero-slider/hero-slider-27.jpg]
[templates.g5plus.net/glowing-bootstrap-5/assets/images/hero-slider/hero-slider-28.jpg]
[templates.g5plus.net/glowing-bootstrap-5/assets/images/others/other-image-07.png]
[templates.g5plus.net/glowing-bootstrap-5/assets/images/others/news-letter-background-02.jpg]
[templates.g5plus.net/glowing-bootstrap-5/home-11.html]
[templates.g5plus.net/glowing-bootstrap-5/assets/images/hero-slider/hero-slider-29.jpg]
[templates.g5plus.net/glowing-bootstrap-5/assets/images/hero-slider/hero-slider-30.jpg]
[templates.g5plus.net/glowing-bootstrap-5/assets/images/hero-slider/hero-slider-31.jpg]
[templates.g5plus.net/glowing-bootstrap-5/home-12.html]
[templates.g5plus.net/glowing-bootstrap-5/home-13.html]
[templates.g5plus.net/glowing-bootstrap-5/home-14.html]
[templates.g5plus.net/glowing-bootstrap-5/assets/css/theme-red.css]
[templates.g5plus.net/glowing-bootstrap-5/assets/images/hero-slider/hero-slider-37.jpg]
[templates.g5plus.net/glowing-bootstrap-5/assets/images/hero-slider/hero-slider-38.jpg]
[templates.g5plus.net/glowing-bootstrap-5/assets/images/others/video-03.jpg]
[templates.g5plus.net/glowing-bootstrap-5/assets/images/banner/banner-white-42.jpg]
[templates.g5plus.net/glowing-bootstrap-5/home-15.html]
[templates.g5plus.net/glowing-bootstrap-5/assets/css/theme-black.css]
[templates.g5plus.net/glowing-bootstrap-5/assets/images/hero-slider/hero-slider-42.jpg]
[templates.g5plus.net/glowing-bootstrap-5/assets/images/hero-slider/hero-slider-43.jpg]
[templates.g5plus.net/glowing-bootstrap-5/assets/images/hero-slider/hero-slider-44.jpg]
[templates.g5plus.net/glowing-bootstrap-5/assets/images/others/daily-skincare-bg.jpg]
[templates.g5plus.net/glowing-bootstrap-5/assets/images/others/daily-skincare-bg-white.jpg]
[templates.g5plus.net/glowing-bootstrap-5/home-17.html]
[templates.g5plus.net/glowing-bootstrap-5/home-18.html]
[templates.g5plus.net/glowing-bootstrap-5/store.html]
[templates.g5plus.net/glowing-bootstrap-5/shop/shop-layout-v1.html]
[templates.g5plus.net/glowing-bootstrap-5/shop/shop-layout-v2.html]
[templates.g5plus.net/glowing-bootstrap-5/shop/shop-layout-v3.html]
[templates.g5plus.net/glowing-bootstrap-5/shop/shop-layout-v4.html]
[templates.g5plus.net/glowing-bootstrap-5/shop/shop-layout-v5.html]
[templates.g5plus.net/glowing-bootstrap-5/shop/product-details-v1.html]
[templates.g5plus.net/glowing-bootstrap-5/shop/product-details-v2.html]
[templates.g5plus.net/glowing-bootstrap-5/shop/product-details-v3.html]
[templates.g5plus.net/glowing-bootstrap-5/assets/css/theme-home-18.css]
[templates.g5plus.net/glowing-bootstrap-5/shop/product-details-v4.html]
[templates.g5plus.net/glowing-bootstrap-5/assets/images/shop/product-gallery-01.jpg]
[templates.g5plus.net/glowing-bootstrap-5/assets/images/shop/product-gallery-02.jpg]
[templates.g5plus.net/glowing-bootstrap-5/assets/images/shop/product-gallery-03.jpg]
[templates.g5plus.net/glowing-bootstrap-5/assets/images/shop/product-gallery-04.jpg]
[templates.g5plus.net/glowing-bootstrap-5/shop/product-details-v5.html]
[templates.g5plus.net/glowing-bootstrap-5/assets/images/shop/product-info-fire.jpg]
[templates.g5plus.net/glowing-bootstrap-5/shop/product-details-v6.html]
[templates.g5plus.net/glowing-bootstrap-5/shop/product-details-v7.html]
[templates.g5plus.net/glowing-bootstrap-5/assets/images/shop/product-gallery-13.jpg]
[templates.g5plus.net/glowing-bootstrap-5/assets/images/shop/product-gallery-14.jpg]
[templates.g5plus.net/glowing-bootstrap-5/assets/images/shop/product-gallery-15.jpg]
[templates.g5plus.net/glowing-bootstrap-5/shop/product-details-v8.html]
[templates.g5plus.net/glowing-bootstrap-5/shop/product-simple.html]
[templates.g5plus.net/glowing-bootstrap-5/shop/product-variable.html]
[templates.g5plus.net/glowing-bootstrap-5/shop/product-time-limit.html]
[templates.g5plus.net/glowing-bootstrap-5/shop/product-grouped.html]
[templates.g5plus.net/glowing-bootstrap-5/shop/shopping-cart.html]
[templates.g5plus.net/glowing-bootstrap-5/shop/compare.html]
[templates.g5plus.net/glowing-bootstrap-5/shop/wishlist.html]
[templates.g5plus.net/glowing-bootstrap-5/assets/images/others/Paypal.jpg]
[templates.g5plus.net/glowing-bootstrap-5/shop/checkout.html]
[templates.g5plus.net/glowing-bootstrap-5/user-registration.html]
[templates.g5plus.net/glowing-bootstrap-5/user-login.html]
[templates.g5plus.net/glowing-bootstrap-5/blog/grid.html]
[templates.g5plus.net/glowing-bootstrap-5/blog/grid-sidebar.html]
[templates.g5plus.net/glowing-bootstrap-5/blog/masonry.html]
[templates.g5plus.net/glowing-bootstrap-5/blog/list.html]
[templates.g5plus.net/glowing-bootstrap-5/blog/classic.html]
[templates.g5plus.net/glowing-bootstrap-5/assets/images/blog/post-comment-list-avatar.png]
[templates.g5plus.net/glowing-bootstrap-5/assets/images/blog/post-comment-avatar-02.png]
[templates.g5plus.net/glowing-bootstrap-5/assets/images/blog/post-comment-avatar-03.png]
[templates.g5plus.net/glowing-bootstrap-5/assets/images/blog/post-comment-avatar-04.png]
[templates.g5plus.net/glowing-bootstrap-5/assets/images/blog/post-comment-avatar-05.png]
[templates.g5plus.net/glowing-bootstrap-5/blog/details-01.html]
[templates.g5plus.net/glowing-bootstrap-5/blog/details-02.html]
[templates.g5plus.net/glowing-bootstrap-5/assets/images/background/bg-about-01.jpg]
[templates.g5plus.net/glowing-bootstrap-5/about-us-01.html]
[templates.g5plus.net/glowing-bootstrap-5/about-us-02.html]
[templates.g5plus.net/glowing-bootstrap-5/contact-us-01.html]
[templates.g5plus.net/glowing-bootstrap-5/contact-us-02.html]
[cdn.jsdelivr.net/npm/select2@4.0.13/dist/css/select2.min.css]
[cdn.jsdelivr.net/npm/select2-bootstrap-5-theme@1.3.0/dist/select2-bootstrap-5-theme.min.css]
[templates.g5plus.net/glowing-bootstrap-5/dashboard/product-list.html]
[templates.g5plus.net/glowing-bootstrap-5/dashboard/product-grid-02.html]
[templates.g5plus.net/glowing-bootstrap-5/dashboard/product-categories.html]
[templates.g5plus.net/glowing-bootstrap-5/dashboard/order-list-2.html]
[templates.g5plus.net/glowing-bootstrap-5/dashboard/order-detail.html]
[templates.g5plus.net/glowing-bootstrap-5/dashboard/sellers-list.html]
[templates.g5plus.net/glowing-bootstrap-5/dashboard/sellers-profile.html]
[templates.g5plus.net/glowing-bootstrap-5/dashboard/add-product-2.html]
[templates.g5plus.net/glowing-bootstrap-5/dashboard/add-product-3.html]
[templates.g5plus.net/glowing-bootstrap-5/dashboard/add-product-4.html]
[templates.g5plus.net/glowing-bootstrap-5/dashboard/transactions-2.html]
[templates.g5plus.net/glowing-bootstrap-5/dashboard/site-settings.html]
[templates.g5plus.net/glowing-bootstrap-5/dashboard/starter-page.html]
[templates.g5plus.net/glowing-bootstrap-5/assets/images/dashboard/flag-us.png]
[templates.g5plus.net/glowing-bootstrap-5/assets/images/dashboard/flag-fr.png]
[templates.g5plus.net/glowing-bootstrap-5/assets/images/dashboard/flag-jp.png]
[templates.g5plus.net/glowing-bootstrap-5/assets/images/dashboard/flag-cn.png]
[templates.g5plus.net/glowing-bootstrap-5/assets/images/dashboard/avatar-2.png]
[cdn.jsdelivr.net/npm/select2@4.0.13/dist/js/select2.full.min.js]
[templates.g5plus.net/glowing-bootstrap-5/assets/vendors/chartjs/chart.min.js]
[templates.g5plus.net/glowing-bootstrap-5/dashboard/dashboard.html]
[templates.g5plus.net/glowing-bootstrap-5/assets/js/dashboard.min.js]
[templates.g5plus.net/glowing-bootstrap-5/assets/images/products/product-01-270x360.jpg]
[templates.g5plus.net/glowing-bootstrap-5/assets/images/products/product-02-270x360.jpg]
[templates.g5plus.net/glowing-bootstrap-5/assets/images/products/product-03-270x360.jpg]
[templates.g5plus.net/glowing-bootstrap-5/assets/images/products/product-04-270x360.jpg]
[templates.g5plus.net/glowing-bootstrap-5/assets/images/products/product-05-270x360.jpg]
[templates.g5plus.net/glowing-bootstrap-5/assets/images/products/product-06-270x360.jpg]
[templates.g5plus.net/glowing-bootstrap-5/assets/images/products/product-07-270x360.jpg]
[templates.g5plus.net/glowing-bootstrap-5/assets/images/products/product-08-270x360.jpg]
[templates.g5plus.net/glowing-bootstrap-5/assets/images/products/product-09-270x360.jpg]
[templates.g5plus.net/glowing-bootstrap-5/assets/images/products/product-10-270x360.jpg]
[templates.g5plus.net/glowing-bootstrap-5/dashboard/product-grid.html]
[templates.g5plus.net/glowing-bootstrap-5/dashboard/order-list.html]
[templates.g5plus.net/glowing-bootstrap-5/assets/images/dashboard/avatar-1.png]
[templates.g5plus.net/glowing-bootstrap-5/dashboard/dashboard/sellers-profile.html]
[templates.g5plus.net/glowing-bootstrap-5/assets/images/dashboard/avatar-3.png]
[templates.g5plus.net/glowing-bootstrap-5/assets/images/dashboard/avatar-4.png]
[templates.g5plus.net/glowing-bootstrap-5/dashboard/sellers-cards.html]
[templates.g5plus.net/glowing-bootstrap-5/dashboard/add-product-1.html]
[templates.g5plus.net/glowing-bootstrap-5/dashboard/transactions-1.html]
[templates.g5plus.net/glowing-bootstrap-5/dashboard/reviews.html]
[templates.g5plus.net/glowing-bootstrap-5/dashboard/brands.html]
[templates.g5plus.net/glowing-bootstrap-5/dashboard/profile-settings.html]
[templates.g5plus.net/glowing-bootstrap-5/assets/images/dashboard/upload.svg]
[templates.g5plus.net/glowing-bootstrap-5/faqs.html]
[templates.g5plus.net/glowing-bootstrap-5/find-a-store.html]
[templates.g5plus.net/glowing-bootstrap-5/404.html]
[cdnjs.cloudflare.com/ajax/libs/highlight.js/11.6.0/styles/base16/railscasts.min.css]
[cdnjs.cloudflare.com/ajax/libs/highlight.js/11.6.0/highlight.min.js]
[templates.g5plus.net/glowing-bootstrap-5/blocks/blog.html]
[templates.g5plus.net/glowing-bootstrap-5/blocks/banner.html]
[cdnjs.cloudflare.com/ajax/libs/js-beautify/1.14.7/beautify-html.js]
[templates.g5plus.net/glowing-bootstrap-5/blocks/shop-page-04.html]
[templates.g5plus.net/glowing-bootstrap-5/blocks/call-to-action.html]
[templates.g5plus.net/glowing-bootstrap-5/blocks/heros/home-01.html]
[templates.g5plus.net/glowing-bootstrap-5/blocks/heros/home-02.html]
[templates.g5plus.net/glowing-bootstrap-5/blocks/heros/home-03.html]
[templates.g5plus.net/glowing-bootstrap-5/blocks/heros/home-04.html]
[templates.g5plus.net/glowing-bootstrap-5/blocks/heros/home-05.html]
[templates.g5plus.net/glowing-bootstrap-5/blocks/heros/home-06.html]
[templates.g5plus.net/glowing-bootstrap-5/blocks/heros/home-07.html]
[templates.g5plus.net/glowing-bootstrap-5/blocks/heros/home-08.html]
[templates.g5plus.net/glowing-bootstrap-5/blocks/heros/home-09.html]
[templates.g5plus.net/glowing-bootstrap-5/blocks/heros/home-10.html]
[templates.g5plus.net/glowing-bootstrap-5/blocks/heros/home-11.html]
[templates.g5plus.net/glowing-bootstrap-5/blocks/heros/home-12.html]
[templates.g5plus.net/glowing-bootstrap-5/blocks/heros/home-13.html]
[templates.g5plus.net/glowing-bootstrap-5/blocks/heros/home-14.html]
[templates.g5plus.net/glowing-bootstrap-5/blocks/heros/home-15-hot-product-1.html]
[templates.g5plus.net/glowing-bootstrap-5/blocks/heros/home-15-hot-product-2.html]
[templates.g5plus.net/glowing-bootstrap-5/blocks/heros/home-16.html]
[templates.g5plus.net/glowing-bootstrap-5/blocks/hero.html]
[templates.g5plus.net/glowing-bootstrap-5/blocks/products.html]
[templates.g5plus.net/glowing-bootstrap-5/blocks/products-slide.html]
[templates.g5plus.net/glowing-bootstrap-5/blocks/heros/home-17.html]
[templates.g5plus.net/glowing-bootstrap-5/blocks/product-tabs.html]
[templates.g5plus.net/glowing-bootstrap-5/blocks/news-letter.html]
[templates.g5plus.net/glowing-bootstrap-5/blocks/features.html]
[templates.g5plus.net/glowing-bootstrap-5/blocks/info.html]
[templates.g5plus.net/glowing-bootstrap-5/blocks/instagram.html]
[templates.g5plus.net/glowing-bootstrap-5/blocks/video.html]
[templates.g5plus.net/glowing-bootstrap-5/blocks/team.html]
[templates.g5plus.net/glowing-bootstrap-5/blocks/testimonials.html]
[templates.g5plus.net/glowing-bootstrap-5/blocks/headers/header-01.html]
[templates.g5plus.net/glowing-bootstrap-5/blocks/headers/header-02.html]
[templates.g5plus.net/glowing-bootstrap-5/blocks/headers/header-03.html]
[templates.g5plus.net/glowing-bootstrap-5/blocks/headers/header-04.html]
[templates.g5plus.net/glowing-bootstrap-5/blocks/headers/header-05.html]
[templates.g5plus.net/glowing-bootstrap-5/blocks/headers/header-06.html]
[templates.g5plus.net/glowing-bootstrap-5/blocks/headers/header-07.html]
[templates.g5plus.net/glowing-bootstrap-5/blocks/headers/header-08.html]
[templates.g5plus.net/glowing-bootstrap-5/blocks/headers/header-09.html]
[templates.g5plus.net/glowing-bootstrap-5/blocks/headers/header-10.html]
[templates.g5plus.net/glowing-bootstrap-5/blocks/headers/header-11.html]
[templates.g5plus.net/glowing-bootstrap-5/blocks/headers/header-12.html]
[templates.g5plus.net/glowing-bootstrap-5/blocks/headers/header-13.html]
[templates.g5plus.net/glowing-bootstrap-5/blocks/headers/header-14.html]
[templates.g5plus.net/glowing-bootstrap-5/blocks/headers/header-15.html]
[templates.g5plus.net/glowing-bootstrap-5/blocks/headers/header-16.html]
[templates.g5plus.net/glowing-bootstrap-5/blocks/header.html]
[templates.g5plus.net/glowing-bootstrap-5/blocks/headers/header-17.html]
[templates.g5plus.net/glowing-bootstrap-5/blocks/footer/footer-01.html]
[templates.g5plus.net/glowing-bootstrap-5/blocks/footer/footer-02.html]
[templates.g5plus.net/glowing-bootstrap-5/blocks/footer/footer-03.html]
[templates.g5plus.net/glowing-bootstrap-5/blocks/footer/footer-04.html]
[templates.g5plus.net/glowing-bootstrap-5/blocks/footer/footer-05.html]
[templates.g5plus.net/glowing-bootstrap-5/blocks/footer/footer-06.html]
[templates.g5plus.net/glowing-bootstrap-5/blocks/footer/footer-07.html]
[templates.g5plus.net/glowing-bootstrap-5/blocks/footer/footer-08.html]
[templates.g5plus.net/glowing-bootstrap-5/blocks/footer/footer-09.html]
[templates.g5plus.net/glowing-bootstrap-5/blocks/footer/footer-10.html]
[templates.g5plus.net/glowing-bootstrap-5/blocks/footer/footer-11.html]
[templates.g5plus.net/glowing-bootstrap-5/blocks/footer/footer-12.html]
[templates.g5plus.net/glowing-bootstrap-5/blocks/footer.html]
[templates.g5plus.net/glowing-bootstrap-5/blocks/footer/footer-13.html]
[templates.g5plus.net/glowing-bootstrap-5/assets/css/docs.css]
[templates.g5plus.net/glowing-bootstrap-5/docs/content/typography.html]
[templates.g5plus.net/glowing-bootstrap-5/docs/styleguide/colors.html]
[templates.g5plus.net/glowing-bootstrap-5/docs/usage/credits.html]
[templates.g5plus.net/glowing-bootstrap-5/docs/content/reboot.html]
[templates.g5plus.net/glowing-bootstrap-5/docs/content/images.html]
[templates.g5plus.net/glowing-bootstrap-5/docs/content/tables.html]
[templates.g5plus.net/glowing-bootstrap-5/docs/content/figures.html]
[templates.g5plus.net/glowing-bootstrap-5/docs/styleguide/color-modes.html]
[templates.g5plus.net/glowing-bootstrap-5/docs/styleguide/fonts.html]
[templates.g5plus.net/glowing-bootstrap-5/docs/styleguide/svg-icons.html]
[templates.g5plus.net/glowing-bootstrap-5/docs/styleguide/font-icons.html]
[templates.g5plus.net/glowing-bootstrap-5/docs/styleguide/misc.html]
[templates.g5plus.net/glowing-bootstrap-5/docs/components/alerts.html]
[templates.g5plus.net/glowing-bootstrap-5/docs/components/background.html]
[templates.g5plus.net/glowing-bootstrap-5/docs/components/badges.html]
[templates.g5plus.net/glowing-bootstrap-5/docs/components/buttons.html]
[templates.g5plus.net/glowing-bootstrap-5/docs/components/card.html]
[templates.g5plus.net/glowing-bootstrap-5/docs/components/carousel.html]
[templates.g5plus.net/glowing-bootstrap-5/docs/components/dropdowns.html]
[templates.g5plus.net/glowing-bootstrap-5/docs/components/form-elements.html]
[templates.g5plus.net/glowing-bootstrap-5/docs/components/ratios.html]
[templates.g5plus.net/glowing-bootstrap-5/docs/components/modal.html]
[templates.g5plus.net/glowing-bootstrap-5/docs/components/pagination.html]
[templates.g5plus.net/glowing-bootstrap-5/docs/components/shadows.html]
[templates.g5plus.net/glowing-bootstrap-5/docs/components/tabs.html]
[templates.g5plus.net/glowing-bootstrap-5/docs/components/tooltips-popovers.html]
[templates.g5plus.net/glowing-bootstrap-5/docs/components/heading.html]
[templates.g5plus.net/glowing-bootstrap-5/docs/components/posts.html]
[templates.g5plus.net/glowing-bootstrap-5/docs/components/product.html]
[templates.g5plus.net/glowing-bootstrap-5/docs/components/banner.html]
[templates.g5plus.net/glowing-bootstrap-5/docs/components/testimonials.html]
[templates.g5plus.net/glowing-bootstrap-5/docs/components/team-member.html]
[templates.g5plus.net/glowing-bootstrap-5/docs/components/icon-box.html]
[templates.g5plus.net/glowing-bootstrap-5/docs/components/image-box.html]
[templates.g5plus.net/glowing-bootstrap-5/docs/components/instagram.html]
[templates.g5plus.net/glowing-bootstrap-5/docs/components/map.html]
[templates.g5plus.net/glowing-bootstrap-5/docs/components/news-letter.html]
[templates.g5plus.net/glowing-bootstrap-5/docs/components/countdown.html]
[templates.g5plus.net/glowing-bootstrap-5/docs/components/client-logo.html]
[templates.g5plus.net/glowing-bootstrap-5/assets/vendors/jquery-toc/jquery.toc.min.js]
[templates.g5plus.net/glowing-bootstrap-5/assets/vendors/fuse/fuse.js]
[cdnjs.cloudflare.com/ajax/libs/highlight.js/11.7.0/highlight.min.js]
[cdnjs.cloudflare.com/ajax/libs/js-beautify/1.14.7/beautify-html.min.js]
[templates.g5plus.net/glowing-bootstrap-5/docs/usage/getting-started.html]
[templates.g5plus.net/glowing-bootstrap-5/assets/js/doc.min.js]
[templates.g5plus.net/glowing-bootstrap-5/docs/getting-started/accessibility/index.html]
[templates.g5plus.net/glowing-bootstrap-5/blob/v/scss/bootstrap/_accordion.177.delayed]
[templates.g5plus.net/glowing-bootstrap-5/blob/v/src/assets/scss/_theme-variables.scss]
[templates.g5plus.net/glowing-bootstrap-5/docs/components/accordion.html]
[templates.g5plus.net/glowing-bootstrap-5/docs/usage/changelog.html]
[templates.g5plus.net/glowing-bootstrap-5/assets/vendors/lightgallery/fonts/lgb687.svg]
[templates.g5plus.net/glowing-bootstrap-5/assets/css/theme-landing.css]
[templates.g5plus.net/glowing-bootstrap-5/assets/images/header/hero-01.png]
[templates.g5plus.net/glowing-bootstrap-5/assets/images/header/hero-02.png]
[templates.g5plus.net/glowing-bootstrap-5/assets/images/header/hero-footer-01.png]
[templates.g5plus.net/glowing-bootstrap-5/assets/images/header/hero-footer-shadow-01.png]
[templates.g5plus.net/glowing-bootstrap-5/assets/images/landing/landing-image-01.png]
[templates.g5plus.net/glowing-bootstrap-5/assets/images/header/hero-footer-02.png]
[templates.g5plus.net/glowing-bootstrap-5/assets/images/header/hero-footer-shadow-02.png]
[templates.g5plus.net/glowing-bootstrap-5/assets/images/header/hero-footer-shadow-03.png]
[templates.g5plus.net/glowing-bootstrap-5/landing-page.html]
[templates.g5plus.net/glowing-bootstrap-5/assets/css/theme.css]
[templates.g5plus.net/glowing-bootstrap-5/shop-page-04.html]
[templates.g5plus.net/glowing-bootstrap-5/assets/vendors/fonts/tuesday-night/TuesdayNight-Regular.woff2]
[templates.g5plus.net/glowing-bootstrap-5/assets/vendors/fonts/tuesday-night/stylesheet.min.css]
[templates.g5plus.net/glowing-bootstrap-5/assets/css/theme-home-09.css]
[templates.g5plus.net/glowing-bootstrap-5/assets/vendors/fonts/tuesday-night/TuesdayNight-Regular.woff]
[templates.g5plus.net/glowing-bootstrap-5/assets/vendors/fonts/butler/Butler.woff2]
[templates.g5plus.net/glowing-bootstrap-5/assets/vendors/fonts/butler/Butler.woff]
[templates.g5plus.net/glowing-bootstrap-5/assets/vendors/fonts/butler/Butler-Bold.woff2]
[templates.g5plus.net/glowing-bootstrap-5/assets/vendors/fonts/butler/Butler-Bold.woff]
[templates.g5plus.net/glowing-bootstrap-5/assets/vendors/fonts/butler/Butler-Medium.woff2]
[templates.g5plus.net/glowing-bootstrap-5/assets/vendors/fonts/butler/stylesheet.min.css]
[templates.g5plus.net/glowing-bootstrap-5/assets/css/theme-orange.css]
[templates.g5plus.net/glowing-bootstrap-5/assets/css/theme-red.css]
[templates.g5plus.net/glowing-bootstrap-5/assets/css/theme-black.css]
[templates.g5plus.net/glowing-bootstrap-5/assets/css/theme-home-18.css]
[cdn.jsdelivr.net/npm/select2@4.0.13/dist/css/select2.min.css]
[cdn.jsdelivr.net/npm/select2-bootstrap-5-theme@1.3.0/dist/select2-bootstrap-5-theme.min.css]
[templates.g5plus.net/glowing-bootstrap-5/assets/vendors/fonts/butler/Butler-Medium.woff]
[templates.g5plus.net/glowing-bootstrap-5/assets/images/products/product-04-75x100.jpg]
[templates.g5plus.net/glowing-bootstrap-5/dashboard/product-list.html]
[templates.g5plus.net/glowing-bootstrap-5/assets/images/products/product-01-330x440.jpg]
[templates.g5plus.net/glowing-bootstrap-5/assets/images/products/product-02-330x440.jpg]
[templates.g5plus.net/glowing-bootstrap-5/assets/images/products/product-03-330x440.jpg]
[templates.g5plus.net/glowing-bootstrap-5/assets/images/products/product-04-330x440.jpg]
[templates.g5plus.net/glowing-bootstrap-5/assets/images/products/product-05-330x440.jpg]
[templates.g5plus.net/glowing-bootstrap-5/assets/images/products/product-06-330x440.jpg]
[templates.g5plus.net/glowing-bootstrap-5/assets/images/products/product-07-330x440.jpg]
[templates.g5plus.net/glowing-bootstrap-5/assets/images/products/product-08-330x440.jpg]
[templates.g5plus.net/glowing-bootstrap-5/dashboard/product-grid-02.html]
[templates.g5plus.net/glowing-bootstrap-5/dashboard/product-categories.html]
[templates.g5plus.net/glowing-bootstrap-5/dashboard/order-list-2.html]
[templates.g5plus.net/glowing-bootstrap-5/assets/images/dashboard/master-card.png]
[templates.g5plus.net/glowing-bootstrap-5/dashboard/order-detail.html]
[templates.g5plus.net/glowing-bootstrap-5/dashboard/sellers-list.html]
[templates.g5plus.net/glowing-bootstrap-5/assets/images/dashboard/map.jpg]
[templates.g5plus.net/glowing-bootstrap-5/assets/images/products/product-11-270x360.jpg]
[templates.g5plus.net/glowing-bootstrap-5/assets/images/products/product-12-270x360.jpg]
[templates.g5plus.net/glowing-bootstrap-5/assets/images/products/product-13-270x360.jpg]
[templates.g5plus.net/glowing-bootstrap-5/assets/images/products/product-14-270x360.jpg]
[templates.g5plus.net/glowing-bootstrap-5/assets/images/products/product-15-270x360.jpg]
[templates.g5plus.net/glowing-bootstrap-5/assets/images/products/product-16-270x360.jpg]
[templates.g5plus.net/glowing-bootstrap-5/dashboard/sellers-profile.html]
[templates.g5plus.net/glowing-bootstrap-5/dashboard/add-product-2.html]
[templates.g5plus.net/glowing-bootstrap-5/dashboard/add-product-3.html]
[templates.g5plus.net/glowing-bootstrap-5/dashboard/add-product-4.html]
[templates.g5plus.net/glowing-bootstrap-5/dashboard/transactions-2.html]
[templates.g5plus.net/glowing-bootstrap-5/dashboard/site-settings.html]
[templates.g5plus.net/glowing-bootstrap-5/dashboard/starter-page.html]
[templates.g5plus.net/glowing-bootstrap-5/dashboard/dashboard/sellers-profile.html]
[templates.g5plus.net/glowing-bootstrap-5/assets/images/dashboard/upload.svg]
[cdnjs.cloudflare.com/ajax/libs/highlight.js/11.6.0/styles/base16/railscasts.min.css]
[templates.g5plus.net/glowing-bootstrap-5/blocks/shop-page-04.html]
[templates.g5plus.net/glowing-bootstrap-5/blocks/shop/checkout.html]
[templates.g5plus.net/glowing-bootstrap-5/blocks/shop/shopping-cart.html]
[templates.g5plus.net/glowing-bootstrap-5/blocks/heros/home-01.html]
[templates.g5plus.net/glowing-bootstrap-5/blocks/assets/images/header/flag.jpg]
[templates.g5plus.net/glowing-bootstrap-5/blocks/heros/home-02.html]
[templates.g5plus.net/glowing-bootstrap-5/blocks/heros/shop-page-04.html]
[templates.g5plus.net/glowing-bootstrap-5/blocks/heros/home-03.html]
[templates.g5plus.net/glowing-bootstrap-5/blocks/heros/home-04.html]
[templates.g5plus.net/glowing-bootstrap-5/blocks/heros/home-05.html]
[templates.g5plus.net/glowing-bootstrap-5/blocks/heros/home-06.html]
[templates.g5plus.net/glowing-bootstrap-5/blocks/heros/home-07.html]
[templates.g5plus.net/glowing-bootstrap-5/blocks/heros/home-08.html]
[templates.g5plus.net/glowing-bootstrap-5/blocks/heros/home-09.html]
[templates.g5plus.net/glowing-bootstrap-5/blocks/heros/home-10.html]
[templates.g5plus.net/glowing-bootstrap-5/blocks/heros/home-11.html]
[templates.g5plus.net/glowing-bootstrap-5/blocks/heros/home-12.html]
[templates.g5plus.net/glowing-bootstrap-5/blocks/heros/home-13.html]
[templates.g5plus.net/glowing-bootstrap-5/blocks/heros/home-14.html]
[templates.g5plus.net/glowing-bootstrap-5/blocks/heros/home-15-hot-product-1.html]
[templates.g5plus.net/glowing-bootstrap-5/blocks/heros/home-15-hot-product-2.html]
[templates.g5plus.net/glowing-bootstrap-5/blocks/heros/home-16.html]
[templates.g5plus.net/glowing-bootstrap-5/blocks/heros/home-17.html]
[templates.g5plus.net/glowing-bootstrap-5/blocks/headers/header-01.html]
[templates.g5plus.net/glowing-bootstrap-5/blocks/headers/header-02.html]
[templates.g5plus.net/glowing-bootstrap-5/blocks/headers/header-03.html]
[templates.g5plus.net/glowing-bootstrap-5/blocks/headers/header-04.html]
[templates.g5plus.net/glowing-bootstrap-5/blocks/headers/header-05.html]
[templates.g5plus.net/glowing-bootstrap-5/blocks/headers/header-06.html]
[templates.g5plus.net/glowing-bootstrap-5/blocks/headers/header-07.html]
[templates.g5plus.net/glowing-bootstrap-5/blocks/headers/header-08.html]
[templates.g5plus.net/glowing-bootstrap-5/blocks/headers/header-09.html]
[templates.g5plus.net/glowing-bootstrap-5/blocks/headers/header-10.html]
[templates.g5plus.net/glowing-bootstrap-5/blocks/headers/header-11.html]
[templates.g5plus.net/glowing-bootstrap-5/blocks/headers/header-12.html]
[templates.g5plus.net/glowing-bootstrap-5/blocks/headers/header-13.html]
[templates.g5plus.net/glowing-bootstrap-5/blocks/headers/header-14.html]
[templates.g5plus.net/glowing-bootstrap-5/blocks/headers/header-15.html]
[templates.g5plus.net/glowing-bootstrap-5/blocks/headers/header-16.html]
[templates.g5plus.net/glowing-bootstrap-5/blocks/headers/header-17.html]
[templates.g5plus.net/glowing-bootstrap-5/blocks/footer/footer-01.html]
[templates.g5plus.net/glowing-bootstrap-5/blocks/find-a-store.html]
[templates.g5plus.net/glowing-bootstrap-5/blocks/footer/footer-02.html]
[templates.g5plus.net/glowing-bootstrap-5/blocks/footer/footer-03.html]
[templates.g5plus.net/glowing-bootstrap-5/blocks/footer/footer-04.html]
[templates.g5plus.net/glowing-bootstrap-5/blocks/footer/footer-05.html]
[templates.g5plus.net/glowing-bootstrap-5/blocks/footer/footer-06.html]
[templates.g5plus.net/glowing-bootstrap-5/blocks/footer/footer-07.html]
[templates.g5plus.net/glowing-bootstrap-5/blocks/footer/footer-08.html]
[templates.g5plus.net/glowing-bootstrap-5/blocks/footer/footer-09.html]
[templates.g5plus.net/glowing-bootstrap-5/blocks/footer/footer-10.html]
[templates.g5plus.net/glowing-bootstrap-5/blocks/footer/footer-11.html]
[templates.g5plus.net/glowing-bootstrap-5/blocks/footer/footer-12.html]
[templates.g5plus.net/glowing-bootstrap-5/blocks/footer/footer-13.html]
[templates.g5plus.net/glowing-bootstrap-5/assets/css/docs.css]
[templates.g5plus.net/glowing-bootstrap-5/docs/content/typography.html]
[templates.g5plus.net/glowing-bootstrap-5/docs/styleguide/colors.html]
[templates.g5plus.net/glowing-bootstrap-5/docs/usage/credits.html]
[templates.g5plus.net/glowing-bootstrap-5/blob/v/scss/bootstrap/_root.scss]
[templates.g5plus.net/glowing-bootstrap-5/blob/v/scss/bootstrap/_reboot.scss]
[templates.g5plus.net/glowing-bootstrap-5/docs/content/reboot.html]
[templates.g5plus.net/glowing-bootstrap-5/docs/content/images.html]
[templates.g5plus.net/glowing-bootstrap-5/blob/v/scss/bootstrap/mixins/_table-variants.scss]
[templates.g5plus.net/glowing-bootstrap-5/docs/content/tables.html]
[templates.g5plus.net/glowing-bootstrap-5/docs/content/figures.html]
[templates.g5plus.net/glowing-bootstrap-5/blob/v/src/assets/scss/_theme-variables-dark.scss]
[templates.g5plus.net/glowing-bootstrap-5/blob/v/scss/bootstrap/mixins/_color-mode.scss]
[templates.g5plus.net/glowing-bootstrap-5/docs/styleguide/color-modes.html]
[templates.g5plus.net/glowing-bootstrap-5/docs/styleguide/fonts.html]
[templates.g5plus.net/glowing-bootstrap-5/docs/styleguide/svg-icons.html]
[templates.g5plus.net/glowing-bootstrap-5/docs/styleguide/font-icons.html]
[templates.g5plus.net/glowing-bootstrap-5/docs/styleguide/misc.html]
[templates.g5plus.net/glowing-bootstrap-5/blob/v/scss/bootstrap/_alert.scss]
[templates.g5plus.net/glowing-bootstrap-5/docs/components/alerts.html]
[templates.g5plus.net/glowing-bootstrap-5/blob/v/scss/bootstrap/_maps.scss]
[templates.g5plus.net/glowing-bootstrap-5/blob/v/scss/bootstrap/mixins/_gradients.scss]
[templates.g5plus.net/glowing-bootstrap-5/blob/v/scss/bootstrap/_utilities.scss]
[templates.g5plus.net/glowing-bootstrap-5/docs/components/background.html]
[templates.g5plus.net/glowing-bootstrap-5/blob/v/scss/bootstrap/_badge.scss]
[templates.g5plus.net/glowing-bootstrap-5/docs/components/badges.html]
[templates.g5plus.net/glowing-bootstrap-5/blob/v/scss/bootstrap/_buttons.scss]
[templates.g5plus.net/glowing-bootstrap-5/blob/v/scss/bootstrap/mixins/_buttons.scss]
[templates.g5plus.net/glowing-bootstrap-5/docs/components/buttons.html]
[templates.g5plus.net/glowing-bootstrap-5/blob/v/scss/bootstrap/_card.scss]
[templates.g5plus.net/glowing-bootstrap-5/docs/components/card.html]
[templates.g5plus.net/glowing-bootstrap-5/blob/v/scss/bootstrap/_variables.scss]
[templates.g5plus.net/glowing-bootstrap-5/docs/components/carousel.html]
[templates.g5plus.net/glowing-bootstrap-5/docs/getting-started/javascript/index.html]
[templates.g5plus.net/glowing-bootstrap-5/blob/v/scss/bootstrap/_dropdown.1ae.delayed]
[templates.g5plus.net/glowing-bootstrap-5/blob/v/scss/bootstrap/mixins/_caret.scss]
[templates.g5plus.net/glowing-bootstrap-5/docs/components/dropdowns.html]
[templates.g5plus.net/glowing-bootstrap-5/docs/components/form-elements.html]
[templates.g5plus.net/glowing-bootstrap-5/docs/components/ratios.html]
[templates.g5plus.net/glowing-bootstrap-5/blob/v/scss/bootstrap/_modal.scss]
[templates.g5plus.net/glowing-bootstrap-5/docs/components/modal.html]
[templates.g5plus.net/glowing-bootstrap-5/docs/components/pagination.html]
[templates.g5plus.net/glowing-bootstrap-5/docs/components/shadows.html]
[templates.g5plus.net/glowing-bootstrap-5/blob/v/scss/bootstrap/_nav.scss]
[templates.g5plus.net/glowing-bootstrap-5/docs/components/tabs.html]
[cdn.jsdelivr.net/npm/@popperjs/core@2.11.6/dist/umd/popper.min.js]
[templates.g5plus.net/glowing-bootstrap-5/blob/v/scss/bootstrap/_tooltip.scss]
[templates.g5plus.net/glowing-bootstrap-5/docs/components/tooltips-popovers.html]
[templates.g5plus.net/glowing-bootstrap-5/docs/components/heading.html]
[templates.g5plus.net/glowing-bootstrap-5/docs/blog/details-01.html]
[templates.g5plus.net/glowing-bootstrap-5/docs/components/posts.html]
[templates.g5plus.net/glowing-bootstrap-5/docs/components/product.html]
[templates.g5plus.net/glowing-bootstrap-5/docs/components/banner.html]
[templates.g5plus.net/glowing-bootstrap-5/docs/components/testimonials.html]
[templates.g5plus.net/glowing-bootstrap-5/docs/components/team-member.html]
[templates.g5plus.net/glowing-bootstrap-5/docs/components/icon-box.html]
[templates.g5plus.net/glowing-bootstrap-5/docs/components/shop-page-04.html]
[templates.g5plus.net/glowing-bootstrap-5/docs/components/image-box.html]
[templates.g5plus.net/glowing-bootstrap-5/docs/components/instagram.html]
[templates.g5plus.net/glowing-bootstrap-5/docs/components/map.html]
[templates.g5plus.net/glowing-bootstrap-5/docs/components/news-letter.html]
[templates.g5plus.net/glowing-bootstrap-5/docs/components/countdown.html]
[templates.g5plus.net/glowing-bootstrap-5/docs/components/client-logo.html]
[templates.g5plus.net/glowing-bootstrap-5/docs/getting-started/accessibility/index.html]
[templates.g5plus.net/glowing-bootstrap-5/blob/v/scss/bootstrap/_accordion.html]
[templates.g5plus.net/glowing-bootstrap-5/blob/v/src/assets/scss/_theme-variables.html]
[templates.g5plus.net/glowing-bootstrap-5/assets/css/theme-landing.css]
[templates.g5plus.net/glowing-bootstrap-5/blocks/shop/checkout.html]
[templates.g5plus.net/glowing-bootstrap-5/blocks/shop/shopping-cart.html]
[templates.g5plus.net/glowing-bootstrap-5/blocks/assets/images/header/flag.html]
[templates.g5plus.net/glowing-bootstrap-5/blocks/heros/shop-page-04.html]
[templates.g5plus.net/glowing-bootstrap-5/blocks/find-a-store.html]
[templates.g5plus.net/glowing-bootstrap-5/blob/v/scss/bootstrap/_root.html]
[templates.g5plus.net/glowing-bootstrap-5/blob/v/scss/bootstrap/_reboot.html]
[templates.g5plus.net/glowing-bootstrap-5/blob/v/scss/bootstrap/mixins/_table-variants.html]
[templates.g5plus.net/glowing-bootstrap-5/blob/v/src/assets/scss/_theme-variables-dark.html]
[templates.g5plus.net/glowing-bootstrap-5/blob/v/scss/bootstrap/mixins/_color-mode.html]
[templates.g5plus.net/glowing-bootstrap-5/blob/v/scss/bootstrap/_alert.html]
[templates.g5plus.net/glowing-bootstrap-5/blob/v/scss/bootstrap/_maps.html]
[templates.g5plus.net/glowing-bootstrap-5/blob/v/scss/bootstrap/mixins/_gradients.html]
[templates.g5plus.net/glowing-bootstrap-5/blob/v/scss/bootstrap/_utilities.html]
[templates.g5plus.net/glowing-bootstrap-5/blob/v/scss/bootstrap/_badge.html]
[templates.g5plus.net/glowing-bootstrap-5/blob/v/scss/bootstrap/_buttons.html]
[templates.g5plus.net/glowing-bootstrap-5/blob/v/scss/bootstrap/mixins/_buttons.html]
[templates.g5plus.net/glowing-bootstrap-5/blob/v/scss/bootstrap/_card.html]
[templates.g5plus.net/glowing-bootstrap-5/blob/v/scss/bootstrap/_variables.html]
[templates.g5plus.net/glowing-bootstrap-5/docs/getting-started/javascript/index.html]
[templates.g5plus.net/glowing-bootstrap-5/blob/v/scss/bootstrap/_dropdown.html]
[templates.g5plus.net/glowing-bootstrap-5/blob/v/scss/bootstrap/mixins/_caret.html]
[templates.g5plus.net/glowing-bootstrap-5/blob/v/scss/bootstrap/_modal.html]
[templates.g5plus.net/glowing-bootstrap-5/blob/v/scss/bootstrap/_nav.html]
[templates.g5plus.net/glowing-bootstrap-5/blob/v/scss/bootstrap/_tooltip.html]
[templates.g5plus.net/glowing-bootstrap-5/docs/blog/details-01.html]
[templates.g5plus.net/glowing-bootstrap-5/docs/components/shop-page-04.html]
